

================================================================
== Vivado HLS Report for 'toCubieCube'
================================================================
* Date:           Sat Mar  9 22:55:23 2019

* Version:        2018.2 (Build 2258646 on Thu Jun 14 20:25:20 MDT 2018)
* Project:        kociemba
* Solution:       solution1
* Product family: zynq
* Target device:  xc7z020clg400-1


================================================================
== Performance Estimates
================================================================
+ Timing (ns): 
    * Summary: 
    +--------+-------+----------+------------+
    |  Clock | Target| Estimated| Uncertainty|
    +--------+-------+----------+------------+
    |ap_clk  |  12.00|     7.860|        1.50|
    +--------+-------+----------+------------+

+ Latency (clock cycles): 
    * Summary: 
    +-----+------+-----+------+---------+
    |   Latency  |  Interval  | Pipeline|
    | min |  max | min |  max |   Type  |
    +-----+------+-----+------+---------+
    |  208|  1048|  208|  1048|   none  |
    +-----+------+-----+------+---------+

    + Detail: 
        * Instance: 
        N/A

        * Loop: 
        +-------------+-----+-----+----------+-----------+-----------+--------+----------+
        |             |  Latency  | Iteration|  Initiation Interval  |  Trip  |          |
        |  Loop Name  | min | max |  Latency |  achieved |   target  |  Count | Pipelined|
        +-------------+-----+-----+----------+-----------+-----------+--------+----------+
        |- Loop 1     |    8|    8|         1|          -|          -|       8|    no    |
        |- Loop 2     |   12|   12|         1|          -|          -|      12|    no    |
        |- Loop 3     |   88|  352|  11 ~ 44 |          -|          -|       8|    no    |
        | + Loop 3.1  |    3|   11|         3|          -|          -|  1 ~ 3 |    no    |
        | + Loop 3.2  |    3|   26|         3|          -|          -|  1 ~ 8 |    no    |
        |- Loop 4     |   96|  672|  8 ~ 56  |          -|          -|      12|    no    |
        | + Loop 4.1  |    4|   51|         4|          -|          -| 1 ~ 12 |    no    |
        +-------------+-----+-----+----------+-----------+-----------+--------+----------+



================================================================
== Utilization Estimates
================================================================
* Summary: 
+-----------------+---------+-------+--------+-------+
|       Name      | BRAM_18K| DSP48E|   FF   |  LUT  |
+-----------------+---------+-------+--------+-------+
|DSP              |        -|      -|       -|      -|
|Expression       |        -|      -|       0|    354|
|FIFO             |        -|      -|       -|      -|
|Instance         |        -|      -|       -|      -|
|Memory           |        0|      -|      36|     11|
|Multiplexer      |        -|      -|       -|    340|
|Register         |        -|      -|     101|      -|
+-----------------+---------+-------+--------+-------+
|Total            |        0|      0|     137|    705|
+-----------------+---------+-------+--------+-------+
|Available        |      280|    220|  106400|  53200|
+-----------------+---------+-------+--------+-------+
|Utilization (%)  |        0|      0|   ~0   |      1|
+-----------------+---------+-------+--------+-------+

+ Detail: 
    * Instance: 
    N/A

    * DSP48: 
    N/A

    * Memory: 
    +-----------------+----------------------+---------+----+----+------+-----+------+-------------+
    |      Memory     |        Module        | BRAM_18K| FF | LUT| Words| Bits| Banks| W*Bits*Banks|
    +-----------------+----------------------+---------+----+----+------+-----+------+-------------+
    |cornerFacelet_U  |toCubieCube_cornebkb  |        0|  12|   3|    24|    6|     1|          144|
    |cornerColor_1_U  |toCubieCube_cornecud  |        0|   3|   1|     8|    3|     1|           24|
    |cornerColor_2_U  |toCubieCube_cornedEe  |        0|   3|   1|     8|    3|     1|           24|
    |edgeColor_0_U    |toCubieCube_edgeCg8j  |        0|   3|   1|    12|    3|     1|           36|
    |edgeColor_1_U    |toCubieCube_edgeChbi  |        0|   3|   1|    12|    3|     1|           36|
    |edgeFacelet_0_U  |toCubieCube_edgeFeOg  |        0|   6|   2|    12|    6|     1|           72|
    |edgeFacelet_1_U  |toCubieCube_edgeFfYi  |        0|   6|   2|    12|    6|     1|           72|
    +-----------------+----------------------+---------+----+----+------+-----+------+-------------+
    |Total            |                      |        0|  36|  11|    88|   30|     7|          408|
    +-----------------+----------------------+---------+----+----+------+-----+------+-------------+

    * FIFO: 
    N/A

    * Expression: 
    +---------------------+----------+-------+---+----+------------+------------+
    |    Variable Name    | Operation| DSP48E| FF| LUT| Bitwidth P0| Bitwidth P1|
    +---------------------+----------+-------+---+----+------------+------------+
    |i_10_fu_431_p2       |     +    |      0|  0|  13|           4|           1|
    |i_11_fu_448_p2       |     +    |      0|  0|  13|           4|           1|
    |i_12_fu_465_p2       |     +    |      0|  0|  13|           4|           1|
    |i_4_fu_696_p2        |     +    |      0|  0|  13|           4|           1|
    |j_2_fu_724_p2        |     +    |      0|  0|  13|           4|           1|
    |j_3_fu_648_p2        |     +    |      0|  0|  13|           4|           1|
    |ori_1_fu_499_p2      |     +    |      0|  0|  10|           2|           1|
    |tmp_128_fu_546_p2    |     +    |      0|  0|  12|           3|           1|
    |tmp_132_fu_590_p2    |     +    |      0|  0|  12|           3|           2|
    |tmp_148_fu_509_p2    |     +    |      0|  0|  15|           6|           6|
    |tmp_152_fu_580_p2    |     +    |      0|  0|  15|           6|           6|
    |tmp_154_fu_602_p2    |     +    |      0|  0|  12|           3|           2|
    |tmp_155_fu_620_p2    |     +    |      0|  0|  15|           6|           6|
    |tmp_147_fu_487_p2    |     -    |      0|  0|  15|           6|           6|
    |or_cond_fu_758_p2    |    and   |      0|  0|   2|           1|           1|
    |exitcond1_fu_425_p2  |   icmp   |      0|  0|  11|           4|           5|
    |exitcond8_fu_459_p2  |   icmp   |      0|  0|  11|           4|           5|
    |exitcond9_fu_442_p2  |   icmp   |      0|  0|   9|           4|           4|
    |exitcond_fu_690_p2   |   icmp   |      0|  0|   9|           4|           4|
    |tmp_121_fu_493_p2    |   icmp   |      0|  0|   8|           2|           2|
    |tmp_127_fu_718_p2    |   icmp   |      0|  0|   9|           4|           4|
    |tmp_133_fu_524_p2    |   icmp   |      0|  0|   9|           3|           2|
    |tmp_134_fu_530_p2    |   icmp   |      0|  0|   9|           3|           1|
    |tmp_137_fu_735_p2    |   icmp   |      0|  0|   9|           3|           3|
    |tmp_139_fu_741_p2    |   icmp   |      0|  0|   9|           3|           3|
    |tmp_140_fu_752_p2    |   icmp   |      0|  0|   9|           3|           3|
    |tmp_141_fu_747_p2    |   icmp   |      0|  0|   9|           3|           3|
    |tmp_143_fu_659_p2    |   icmp   |      0|  0|   9|           3|           3|
    |tmp_144_fu_665_p2    |   icmp   |      0|  0|   9|           3|           3|
    |tmp_149_fu_552_p2    |   icmp   |      0|  0|   9|           3|           2|
    |tmp_153_fu_596_p2    |   icmp   |      0|  0|   9|           3|           2|
    |tmp_156_fu_676_p2    |   icmp   |      0|  0|   8|           2|           2|
    |tmp_138_fu_536_p2    |    or    |      0|  0|   2|           1|           1|
    |ccRet_co_0_d0        |  select  |      0|  0|   2|           1|           2|
    |tmp_151_fu_568_p3    |  select  |      0|  0|   3|           1|           3|
    |tmp_157_fu_608_p3    |  select  |      0|  0|   3|           1|           3|
    |tmp_150_fu_558_p2    |    xor   |      0|  0|   3|           2|           3|
    +---------------------+----------+-------+---+----+------------+------------+
    |Total                |          |      0|  0| 354|         120|         100|
    +---------------------+----------+-------+---+----+------------+------------+

    * Multiplexer: 
    +------------------------+----+-----------+-----+-----------+
    |          Name          | LUT| Input Size| Bits| Total Bits|
    +------------------------+----+-----------+-----+-----------+
    |ap_NS_fsm               |  97|         20|    1|         20|
    |ccRet_cp_0_address0     |  15|          3|    3|          9|
    |ccRet_cp_0_d0           |  15|          3|    3|          9|
    |ccRet_eo_0_address0     |  15|          3|    4|         12|
    |ccRet_eo_0_d0           |  15|          3|    1|          3|
    |ccRet_ep_0_address0     |  21|          4|    4|         16|
    |ccRet_ep_0_d0           |  15|          3|    4|         12|
    |cornerFacelet_address0  |  15|          3|    5|         15|
    |edgeColor_1_address0    |  15|          3|    4|         12|
    |facecube_0_f_address0   |  21|          4|    6|         24|
    |facecube_0_f_address1   |  15|          3|    6|         18|
    |i_1_reg_345             |   9|          2|    4|          8|
    |i_2_reg_356             |   9|          2|    4|          8|
    |i_3_reg_391             |   9|          2|    4|          8|
    |i_reg_334               |   9|          2|    4|          8|
    |j_1_reg_402             |   9|          2|    4|          8|
    |j_reg_379               |   9|          2|    4|          8|
    |ori_reg_367             |   9|          2|    2|          4|
    |reg_415                 |   9|          2|    3|          6|
    |reg_420                 |   9|          2|    3|          6|
    +------------------------+----+-----------+-----+-----------+
    |Total                   | 340|         70|   73|        214|
    +------------------------+----+-----------+-----+-----------+

    * Register: 
    +--------------------------+----+----+-----+-----------+
    |           Name           | FF | LUT| Bits| Const Bits|
    +--------------------------+----+----+-----+-----------+
    |ap_CS_fsm                 |  19|   0|   19|          0|
    |edgeColor_0_load_reg_930  |   3|   0|    3|          0|
    |i_12_reg_782              |   4|   0|    4|          0|
    |i_1_reg_345               |   4|   0|    4|          0|
    |i_2_reg_356               |   4|   0|    4|          0|
    |i_3_reg_391               |   4|   0|    4|          0|
    |i_4_reg_877               |   4|   0|    4|          0|
    |i_reg_334                 |   4|   0|    4|          0|
    |j_1_reg_402               |   4|   0|    4|          0|
    |j_2_reg_914               |   4|   0|    4|          0|
    |j_3_reg_847               |   4|   0|    4|          0|
    |j_reg_379                 |   4|   0|    4|          0|
    |ori_1_reg_804             |   2|   0|    2|          0|
    |ori_reg_367               |   2|   0|    2|          0|
    |reg_415                   |   3|   0|    3|          0|
    |reg_420                   |   3|   0|    3|          0|
    |tmp_120_reg_787           |   4|   0|   64|         60|
    |tmp_121_reg_800           |   1|   0|    1|          0|
    |tmp_122_reg_882           |   4|   0|   64|         60|
    |tmp_127_reg_910           |   1|   0|    1|          0|
    |tmp_136_reg_919           |   4|   0|   64|         60|
    |tmp_137_reg_935           |   1|   0|    1|          0|
    |tmp_139_reg_944           |   1|   0|    1|          0|
    |tmp_141_reg_953           |   1|   0|    1|          0|
    |tmp_142_reg_852           |   4|   0|   64|         60|
    |tmp_143_reg_862           |   1|   0|    1|          0|
    |tmp_147_reg_793           |   6|   0|    6|          0|
    |tmp_158_reg_843           |   1|   0|    1|          0|
    +--------------------------+----+----+-----+-----------+
    |Total                     | 101|   0|  341|        240|
    +--------------------------+----+----+-----+-----------+



================================================================
== Interface
================================================================
* Summary: 
+-----------------------+-----+-----+------------+--------------+--------------+
|       RTL Ports       | Dir | Bits|  Protocol  | Source Object|    C Type    |
+-----------------------+-----+-----+------------+--------------+--------------+
|ap_clk                 |  in |    1| ap_ctrl_hs |  toCubieCube | return value |
|ap_rst                 |  in |    1| ap_ctrl_hs |  toCubieCube | return value |
|ap_start               |  in |    1| ap_ctrl_hs |  toCubieCube | return value |
|ap_done                | out |    1| ap_ctrl_hs |  toCubieCube | return value |
|ap_idle                | out |    1| ap_ctrl_hs |  toCubieCube | return value |
|ap_ready               | out |    1| ap_ctrl_hs |  toCubieCube | return value |
|facecube_0_f_address0  | out |    6|  ap_memory | facecube_0_f |     array    |
|facecube_0_f_ce0       | out |    1|  ap_memory | facecube_0_f |     array    |
|facecube_0_f_q0        |  in |    3|  ap_memory | facecube_0_f |     array    |
|facecube_0_f_address1  | out |    6|  ap_memory | facecube_0_f |     array    |
|facecube_0_f_ce1       | out |    1|  ap_memory | facecube_0_f |     array    |
|facecube_0_f_q1        |  in |    3|  ap_memory | facecube_0_f |     array    |
|ccRet_cp_0_address0    | out |    3|  ap_memory |  ccRet_cp_0  |     array    |
|ccRet_cp_0_ce0         | out |    1|  ap_memory |  ccRet_cp_0  |     array    |
|ccRet_cp_0_we0         | out |    1|  ap_memory |  ccRet_cp_0  |     array    |
|ccRet_cp_0_d0          | out |    3|  ap_memory |  ccRet_cp_0  |     array    |
|ccRet_ep_0_address0    | out |    4|  ap_memory |  ccRet_ep_0  |     array    |
|ccRet_ep_0_ce0         | out |    1|  ap_memory |  ccRet_ep_0  |     array    |
|ccRet_ep_0_we0         | out |    1|  ap_memory |  ccRet_ep_0  |     array    |
|ccRet_ep_0_d0          | out |    4|  ap_memory |  ccRet_ep_0  |     array    |
|ccRet_co_0_address0    | out |    3|  ap_memory |  ccRet_co_0  |     array    |
|ccRet_co_0_ce0         | out |    1|  ap_memory |  ccRet_co_0  |     array    |
|ccRet_co_0_we0         | out |    1|  ap_memory |  ccRet_co_0  |     array    |
|ccRet_co_0_d0          | out |    2|  ap_memory |  ccRet_co_0  |     array    |
|ccRet_eo_0_address0    | out |    4|  ap_memory |  ccRet_eo_0  |     array    |
|ccRet_eo_0_ce0         | out |    1|  ap_memory |  ccRet_eo_0  |     array    |
|ccRet_eo_0_we0         | out |    1|  ap_memory |  ccRet_eo_0  |     array    |
|ccRet_eo_0_d0          | out |    1|  ap_memory |  ccRet_eo_0  |     array    |
+-----------------------+-----+-----+------------+--------------+--------------+

