Copyright 1986-2018 Xilinx, Inc. All Rights Reserved.
--------------------------------------------------------------------------------------
| Tool Version : Vivado v.2018.2 (win64) Build 2258646 Thu Jun 14 20:03:12 MDT 2018
| Date         : Fri Jan  4 20:37:58 2019
| Host         : NGJINYEE running 64-bit major release  (build 9200)
| Command      : report_control_sets -verbose -file solveCube_control_sets_placed.rpt
| Design       : solveCube
| Device       : xc7z020
--------------------------------------------------------------------------------------

Control Set Information

Table of Contents
-----------------
1. Summary
2. Histogram
3. Flip-Flop Distribution
4. Detailed Control Set Information

1. Summary
----------

+----------------------------------------------------------+-------+
|                          Status                          | Count |
+----------------------------------------------------------+-------+
| Number of unique control sets                            |   165 |
| Unused register locations in slices containing registers |   112 |
+----------------------------------------------------------+-------+


2. Histogram
------------

+--------+--------------+
| Fanout | Control Sets |
+--------+--------------+
|      6 |            7 |
|      8 |           66 |
|     12 |           73 |
|    16+ |           19 |
+--------+--------------+


3. Flip-Flop Distribution
-------------------------

+--------------+-----------------------+------------------------+-----------------+--------------+
| Clock Enable | Synchronous Set/Reset | Asynchronous Set/Reset | Total Registers | Total Slices |
+--------------+-----------------------+------------------------+-----------------+--------------+
| No           | No                    | No                     |             924 |          210 |
| No           | No                    | Yes                    |               0 |            0 |
| No           | Yes                   | No                     |            2678 |          508 |
| Yes          | No                    | No                     |             998 |          182 |
| Yes          | No                    | Yes                    |               0 |            0 |
| Yes          | Yes                   | No                     |             232 |           41 |
+--------------+-----------------------+------------------------+-----------------+--------------+


4. Detailed Control Set Information
-----------------------------------

+--------------+----------------------------------------------------------------------------------------------------------------------------------------------------+-------------------------------------------------------------------------------------------+------------------+----------------+
| Clock Signal |                                                                    Enable Signal                                                                   |                                      Set/Reset Signal                                     | Slice Load Count | Bel Load Count |
+--------------+----------------------------------------------------------------------------------------------------------------------------------------------------+-------------------------------------------------------------------------------------------+------------------+----------------+
|  ap_clk      | grp_solveStage3_fu_242/grp_solveStage3a_fu_44/ap_CS_fsm_state4                                                                                     |                                                                                           |                1 |              6 |
|  ap_clk      | grp_solveStage5b_fu_280/grp_edgeCorrect_fu_75/ap_CS_fsm_state6                                                                                     |                                                                                           |                1 |              6 |
|  ap_clk      | grp_solveStage3_fu_242/grp_solveStage3a_fu_44/ap_CS_fsm_state7                                                                                     |                                                                                           |                1 |              6 |
|  ap_clk      | grp_solveStage3_fu_242/grp_solveStage3a_fu_44/ap_CS_fsm_state10                                                                                    |                                                                                           |                1 |              6 |
|  ap_clk      | grp_solveStage3_fu_242/grp_solveStage3a_fu_44/ap_CS_fsm_state13                                                                                    |                                                                                           |                1 |              6 |
|  ap_clk      | grp_solveStage2_fu_262/grp_findCorner_fu_100/ap_CS_fsm_state2                                                                                      |                                                                                           |                1 |              6 |
|  ap_clk      | grp_solveStage4b_fu_310/cubieColor_V_load_2_reg_510                                                                                                |                                                                                           |                1 |              6 |
|  ap_clk      | grp_rotateCubeVertical_fu_353/ap_CS_fsm_state3                                                                                                     |                                                                                           |                2 |              8 |
|  ap_clk      | grp_rotateCubeVertical_fu_353/ap_CS_fsm_state4                                                                                                     | grp_rotateCubeVertical_fu_353/ap_NS_fsm10_out                                             |                2 |              8 |
|  ap_clk      | grp_solveStage3_fu_242/grp_findEdge_fu_54/ap_CS_fsm_state8                                                                                         |                                                                                           |                1 |              8 |
|  ap_clk      | grp_solveStage3_fu_242/grp_findEdge_fu_54/ap_CS_fsm_state4                                                                                         |                                                                                           |                1 |              8 |
|  ap_clk      | grp_solveStage3_fu_242/grp_findEdge_fu_54/ap_CS_fsm_state12                                                                                        |                                                                                           |                1 |              8 |
|  ap_clk      | grp_solveStage3_fu_242/grp_findEdge_fu_54/ap_CS_fsm_state6                                                                                         |                                                                                           |                1 |              8 |
|  ap_clk      | grp_cornerCorrect_fu_400/ap_CS_fsm_state5                                                                                                          |                                                                                           |                1 |              8 |
|  ap_clk      | grp_rotateCubeHorizontal_fu_343/ap_CS_fsm_state3                                                                                                   |                                                                                           |                1 |              8 |
|  ap_clk      | grp_rotateCubeHorizontal_fu_343/ap_CS_fsm_state4                                                                                                   | grp_rotateCubeHorizontal_fu_343/p_4_reg_803                                               |                1 |              8 |
|  ap_clk      | grp_edgeCorrect_fu_385/ap_CS_fsm_state7                                                                                                            |                                                                                           |                2 |              8 |
|  ap_clk      | grp_edgeCorrect_fu_385/ap_CS_fsm_state6                                                                                                            |                                                                                           |                2 |              8 |
|  ap_clk      | grp_findEdge_fu_372/ap_CS_fsm_state8                                                                                                               |                                                                                           |                1 |              8 |
|  ap_clk      | grp_findEdge_fu_372/ap_CS_fsm_state12                                                                                                              |                                                                                           |                1 |              8 |
|  ap_clk      | grp_solveStage3_fu_242/grp_findEdge_fu_54/ap_CS_fsm_state10                                                                                        |                                                                                           |                1 |              8 |
|  ap_clk      | grp_findEdge_fu_372/ap_CS_fsm_state4                                                                                                               |                                                                                           |                1 |              8 |
|  ap_clk      | grp_solveStage3_fu_242/grp_findEdge_fu_54/grp_findEdge_fu_54_ap_ready                                                                              | grp_solveStage3_fu_242/grp_solveStage3a_fu_44/grp_turnCube_fu_72/SR[0]                    |                1 |              8 |
|  ap_clk      | grp_findEdge_fu_372/ap_CS_fsm_state10                                                                                                              |                                                                                           |                1 |              8 |
|  ap_clk      | grp_findEdge_fu_372/E[0]                                                                                                                           |                                                                                           |                2 |              8 |
|  ap_clk      | grp_solveStage5b_fu_280/grp_rotateCubeHorizontal_fu_65/ap_CS_fsm_state4                                                                            | grp_solveStage5b_fu_280/grp_rotateCubeHorizontal_fu_65/p_4_reg_803                        |                2 |              8 |
|  ap_clk      | grp_solveStage5b_fu_280/grp_rotateCubeHorizontal_fu_65/ap_CS_fsm_state3                                                                            |                                                                                           |                2 |              8 |
|  ap_clk      | grp_turnCube_fu_320/ap_CS_fsm_state4                                                                                                               | grp_turnCube_fu_320/p_1_reg_869                                                           |                1 |              8 |
|  ap_clk      | grp_optimizeCube_fu_363/q0_reg[3]                                                                                                                  |                                                                                           |                1 |              8 |
|  ap_clk      | grp_optimizeCube_fu_363/q0_reg[3]_1                                                                                                                |                                                                                           |                1 |              8 |
|  ap_clk      | grp_turnCube_fu_320/ap_CS_fsm_state3                                                                                                               |                                                                                           |                1 |              8 |
|  ap_clk      | grp_solveStage3_fu_242/grp_stage3Prepare_fu_32/grp_turnCube_fu_61/ap_CS_fsm_state3                                                                 |                                                                                           |                3 |              8 |
|  ap_clk      | grp_solveStage3_fu_242/grp_stage3Prepare_fu_32/grp_turnCube_fu_61/ap_CS_fsm_state4                                                                 | grp_solveStage3_fu_242/grp_stage3Prepare_fu_32/grp_turnCube_fu_61/p_1_reg_869             |                3 |              8 |
|  ap_clk      | grp_solveStage3_fu_242/grp_stage3Prepare_fu_32/grp_rotateCubeHorizontal_fu_78/j_V_reg_1191_reg[3]_0[1]                                             |                                                                                           |                2 |              8 |
|  ap_clk      | grp_optimizeCube_fu_363/Q[0]                                                                                                                       |                                                                                           |                1 |              8 |
|  ap_clk      | grp_solveStage3_fu_242/grp_stage3Prepare_fu_32/grp_rotateCubeHorizontal_fu_78/ap_CS_fsm_state4                                                     | grp_solveStage3_fu_242/grp_stage3Prepare_fu_32/grp_rotateCubeHorizontal_fu_78/p_4_reg_803 |                2 |              8 |
|  ap_clk      | grp_solveStage4a_fu_300/grp_rotateCubeHorizontal_fu_78/ap_CS_fsm_state4                                                                            | grp_solveStage4a_fu_300/grp_rotateCubeHorizontal_fu_78/p_4_reg_803                        |                1 |              8 |
|  ap_clk      | grp_solveStage1_fu_332/grp_turnCube_fu_60/ap_CS_fsm_state3                                                                                         |                                                                                           |                2 |              8 |
|  ap_clk      | grp_solveStage1_fu_332/grp_turnCube_fu_60/ap_CS_fsm_state4                                                                                         | grp_solveStage1_fu_332/grp_turnCube_fu_60/p_1_reg_869                                     |                2 |              8 |
|  ap_clk      | grp_findEdge_fu_372/ap_CS_fsm_state6                                                                                                               |                                                                                           |                1 |              8 |
|  ap_clk      | grp_solveStage4a_fu_300/grp_rotateCubeHorizontal_fu_78/ap_CS_fsm_state3                                                                            |                                                                                           |                2 |              8 |
|  ap_clk      | grp_solveStage3_fu_242/grp_stage3Prepare_fu_32/grp_findEdge_fu_88/ap_CS_fsm_state10                                                                |                                                                                           |                1 |              8 |
|  ap_clk      | grp_solveStage3_fu_242/grp_stage3Prepare_fu_32/grp_findEdge_fu_88/ap_CS_fsm_state12                                                                |                                                                                           |                1 |              8 |
|  ap_clk      | grp_solveStage5b_fu_280/grp_edgeCorrect_fu_75/ap_CS_fsm_state7                                                                                     |                                                                                           |                2 |              8 |
|  ap_clk      | grp_solveStage2_fu_262/grp_turnCube_fu_75/ap_CS_fsm_state4                                                                                         | grp_solveStage2_fu_262/grp_turnCube_fu_75/p_1_reg_869                                     |                1 |              8 |
|  ap_clk      | grp_solveStage3_fu_242/grp_stage3Prepare_fu_32/grp_findEdge_fu_88/ap_CS_fsm_state4                                                                 |                                                                                           |                1 |              8 |
|  ap_clk      | grp_solveStage3_fu_242/grp_stage3Prepare_fu_32/grp_findEdge_fu_88/ap_CS_fsm_state6                                                                 |                                                                                           |                1 |              8 |
|  ap_clk      | grp_solveStage3_fu_242/grp_stage3Prepare_fu_32/grp_findEdge_fu_88/ap_CS_fsm_state8                                                                 |                                                                                           |                1 |              8 |
|  ap_clk      | grp_solveStage2_fu_262/grp_rotateCubeHorizontal_fu_90/ap_CS_fsm_state3                                                                             |                                                                                           |                1 |              8 |
|  ap_clk      | grp_solveStage2_fu_262/grp_findCorner_fu_100/E[0]                                                                                                  |                                                                                           |                1 |              8 |
|  ap_clk      | grp_solveStage3_fu_242/grp_solveStage3a_fu_44/grp_turnCube_fu_72/ap_CS_fsm_state3                                                                  |                                                                                           |                1 |              8 |
|  ap_clk      | grp_solveStage3_fu_242/grp_solveStage3a_fu_44/grp_turnCube_fu_72/ap_CS_fsm_state4                                                                  | grp_solveStage3_fu_242/grp_solveStage3a_fu_44/grp_turnCube_fu_72/p_1_reg_869              |                1 |              8 |
|  ap_clk      | grp_solveStage3_fu_242/grp_solveStage3a_fu_44/ap_CS_fsm_state3                                                                                     |                                                                                           |                2 |              8 |
|  ap_clk      | grp_solveStage2_fu_262/grp_turnCube_fu_75/j_V_reg_1309_reg[3]_0[0]                                                                                 |                                                                                           |                2 |              8 |
|  ap_clk      | grp_solveStage2_fu_262/grp_rotateCubeHorizontal_fu_90/ap_CS_fsm_state4                                                                             | grp_solveStage2_fu_262/grp_rotateCubeHorizontal_fu_90/p_4_reg_803                         |                1 |              8 |
|  ap_clk      | grp_solveStage4a_fu_300/grp_turnCube_fu_61/ap_CS_fsm_state4                                                                                        | grp_solveStage4a_fu_300/grp_turnCube_fu_61/p_1_reg_869                                    |                1 |              8 |
|  ap_clk      | grp_solveStage4a_fu_300/grp_turnCube_fu_61/j_V_reg_1309_reg[3]_0[0]                                                                                |                                                                                           |                2 |              8 |
|  ap_clk      | grp_solveStage4b_fu_310/Q[0]                                                                                                                       |                                                                                           |                2 |              8 |
|  ap_clk      | grp_solveStage4b_fu_310/grp_turnCube_fu_71/ap_CS_fsm_state4                                                                                        | grp_solveStage4b_fu_310/grp_turnCube_fu_71/p_1_reg_869                                    |                1 |              8 |
|  ap_clk      | grp_solveStage4b_fu_310/grp_turnCube_fu_71/ap_CS_fsm_state3                                                                                        |                                                                                           |                2 |              8 |
|  ap_clk      | grp_solveStage5a_fu_290/grp_rotateCubeHorizontal_fu_49/ap_CS_fsm_state4                                                                            | grp_solveStage5a_fu_290/grp_rotateCubeHorizontal_fu_49/p_4_reg_803                        |                1 |              8 |
|  ap_clk      | grp_solveStage4b_fu_310/grp_turnCube_fu_71/E[0]                                                                                                    |                                                                                           |                2 |              8 |
|  ap_clk      | grp_solveStage5a_fu_290/grp_cornerCorrect_fu_59/ap_CS_fsm_state5                                                                                   |                                                                                           |                2 |              8 |
|  ap_clk      | grp_solveStage4b_fu_310/ap_CS_fsm_state2                                                                                                           |                                                                                           |                1 |              8 |
|  ap_clk      | grp_solveStage3_fu_242/grp_stage3Prepare_fu_32/grp_findEdge_fu_88/E[0]                                                                             |                                                                                           |                2 |              8 |
|  ap_clk      | grp_solveStage4b_fu_310/grp_rotateCubeHorizontal_fu_85/ap_CS_fsm_state4                                                                            | grp_solveStage4b_fu_310/grp_rotateCubeHorizontal_fu_85/p_4_reg_803                        |                1 |              8 |
|  ap_clk      | grp_solveStage4b_fu_310/grp_rotateCubeHorizontal_fu_85/Q[1]                                                                                        |                                                                                           |                2 |              8 |
|  ap_clk      | grp_solveStage5a_fu_290/grp_turnCube_fu_32/ap_CS_fsm_state4                                                                                        | grp_solveStage5a_fu_290/grp_turnCube_fu_32/p_1_reg_869                                    |                1 |              8 |
|  ap_clk      | grp_solveStage5a_fu_290/grp_turnCube_fu_32/ap_CS_fsm_state3                                                                                        |                                                                                           |                1 |              8 |
|  ap_clk      | grp_solveStage5a_fu_290/grp_rotateCubeHorizontal_fu_49/grp_rotateCubeHorizontal_fu_49_ap_start_reg_reg[1]                                          |                                                                                           |                1 |              8 |
|  ap_clk      | grp_solveStage5b_fu_280/grp_turnCube_fu_47/ap_CS_fsm_state4                                                                                        | grp_solveStage5b_fu_280/grp_turnCube_fu_47/p_1_reg_869                                    |                1 |              8 |
|  ap_clk      | grp_solveStage5b_fu_280/grp_turnCube_fu_47/ap_CS_fsm_state3                                                                                        |                                                                                           |                1 |              8 |
|  ap_clk      | ap_CS_fsm_state4                                                                                                                                   | p_2_reg_2200                                                                              |                1 |              8 |
|  ap_clk      | grp_solveStage2_fu_262/grp_rotateCubeHorizontal_fu_90/cubieTemp_V_U/turnCube_cubieTembkb_ram_U/ram_reg_0_15_0_0_i_1__0_n_0                         |                                                                                           |                1 |             12 |
|  ap_clk      | grp_solveStage2_fu_262/grp_rotateCubeHorizontal_fu_90/cubieTemp_V_U/turnCube_cubieTembkb_ram_U/ram_reg_0_15_0_0__0_i_1__0_n_0                      |                                                                                           |                1 |             12 |
|  ap_clk      | grp_solveStage2_fu_262/grp_rotateCubeHorizontal_fu_90/ap_NS_fsm[3]                                                                                 |                                                                                           |                2 |             12 |
|  ap_clk      | grp_solveStage3_fu_242/grp_findEdge_fu_54/ap_CS_fsm_state2                                                                                         |                                                                                           |                2 |             12 |
|  ap_clk      | grp_solveStage3_fu_242/grp_solveStage3a_fu_44/grp_turnCube_fu_72/cubieTemp_V_U/turnCube_cubieTembkb_ram_U/q1_reg[0]_4                              |                                                                                           |                1 |             12 |
|  ap_clk      | grp_solveStage3_fu_242/grp_stage3Prepare_fu_32/grp_findEdge_fu_88/ap_CS_fsm_state2                                                                 |                                                                                           |                2 |             12 |
|  ap_clk      | grp_solveStage3_fu_242/grp_solveStage3a_fu_44/grp_turnCube_fu_72/q1_reg[2]                                                                         |                                                                                           |                1 |             12 |
|  ap_clk      | grp_solveStage3_fu_242/grp_solveStage3a_fu_44/grp_turnCube_fu_72/q1_reg[2]_0                                                                       |                                                                                           |                1 |             12 |
|  ap_clk      | grp_solveStage3_fu_242/grp_solveStage3a_fu_44/grp_turnCube_fu_72/ap_NS_fsm[3]                                                                      |                                                                                           |                4 |             12 |
|  ap_clk      | grp_solveStage3_fu_242/grp_stage3Prepare_fu_32/grp_turnCube_fu_61/q1_reg[2]                                                                        |                                                                                           |                1 |             12 |
|  ap_clk      | grp_solveStage3_fu_242/grp_stage3Prepare_fu_32/grp_turnCube_fu_61/q1_reg[2]_0                                                                      |                                                                                           |                1 |             12 |
|  ap_clk      | grp_solveStage3_fu_242/grp_stage3Prepare_fu_32/grp_turnCube_fu_61/ap_NS_fsm[3]                                                                     |                                                                                           |                4 |             12 |
|  ap_clk      | grp_solveStage3_fu_242/grp_stage3Prepare_fu_32/grp_rotateCubeHorizontal_fu_78/cubieTemp_V_U/turnCube_cubieTembkb_ram_U/ram_reg_0_15_0_0_i_1_n_0    |                                                                                           |                1 |             12 |
|  ap_clk      | grp_solveStage3_fu_242/grp_stage3Prepare_fu_32/grp_rotateCubeHorizontal_fu_78/cubieTemp_V_U/turnCube_cubieTembkb_ram_U/ram_reg_0_15_0_0__0_i_1_n_0 |                                                                                           |                1 |             12 |
|  ap_clk      | grp_solveStage3_fu_242/grp_stage3Prepare_fu_32/grp_rotateCubeHorizontal_fu_78/cubieTemp_V_U/turnCube_cubieTembkb_ram_U/ram_reg_0_31_0_0_i_1__0_n_0 |                                                                                           |                1 |             12 |
|  ap_clk      | grp_solveStage3_fu_242/grp_stage3Prepare_fu_32/grp_rotateCubeHorizontal_fu_78/ap_NS_fsm[3]                                                         |                                                                                           |                1 |             12 |
|  ap_clk      | grp_solveStage3_fu_242/grp_stage3Prepare_fu_32/grp_turnCube_fu_61/cubieTemp_V_U/turnCube_cubieTembkb_ram_U/q1_reg[0]_1                             |                                                                                           |                1 |             12 |
|  ap_clk      | grp_solveStage5b_fu_280/grp_rotateCubeHorizontal_fu_65/cubieTemp_V_U/turnCube_cubieTembkb_ram_U/ram_reg_0_31_0_0_i_1__14_n_0                       |                                                                                           |                1 |             12 |
|  ap_clk      | grp_solveStage5b_fu_280/grp_rotateCubeHorizontal_fu_65/cubieTemp_V_U/turnCube_cubieTembkb_ram_U/ram_reg_0_15_0_0_i_1__8_n_0                        |                                                                                           |                1 |             12 |
|  ap_clk      | grp_solveStage5b_fu_280/grp_rotateCubeHorizontal_fu_65/ap_NS_fsm[3]                                                                                |                                                                                           |                3 |             12 |
|  ap_clk      | grp_solveStage5b_fu_280/grp_rotateCubeHorizontal_fu_65/cubieTemp_V_U/turnCube_cubieTembkb_ram_U/ram_reg_0_15_0_0__0_i_1__7_n_0                     |                                                                                           |                1 |             12 |
|  ap_clk      | grp_solveStage4a_fu_300/grp_rotateCubeHorizontal_fu_78/cubieTemp_V_U/turnCube_cubieTembkb_ram_U/ram_reg_0_15_0_0__0_i_1__1_n_0                     |                                                                                           |                1 |             12 |
|  ap_clk      | grp_solveStage4a_fu_300/grp_rotateCubeHorizontal_fu_78/cubieTemp_V_U/turnCube_cubieTembkb_ram_U/ram_reg_0_15_0_0_i_1__1_n_0                        |                                                                                           |                1 |             12 |
|  ap_clk      | grp_solveStage4a_fu_300/grp_rotateCubeHorizontal_fu_78/cubieTemp_V_U/turnCube_cubieTembkb_ram_U/ram_reg_0_31_0_0_i_1__4_n_0                        |                                                                                           |                1 |             12 |
|  ap_clk      | grp_solveStage4a_fu_300/grp_rotateCubeHorizontal_fu_78/ap_NS_fsm[3]                                                                                |                                                                                           |                3 |             12 |
|  ap_clk      | grp_solveStage4b_fu_310/grp_rotateCubeHorizontal_fu_85/cubieTemp_V_U/turnCube_cubieTembkb_ram_U/ram_reg_0_15_0_0_i_1__2_n_0                        |                                                                                           |                1 |             12 |
|  ap_clk      | grp_solveStage4b_fu_310/grp_rotateCubeHorizontal_fu_85/cubieTemp_V_U/turnCube_cubieTembkb_ram_U/ram_reg_0_15_0_0__0_i_1__2_n_0                     |                                                                                           |                1 |             12 |
|  ap_clk      | grp_solveStage4a_fu_300/grp_turnCube_fu_61/cubieTemp_V_U/turnCube_cubieTembkb_ram_U/q1_reg[0]_0                                                    |                                                                                           |                1 |             12 |
|  ap_clk      | grp_solveStage4b_fu_310/grp_rotateCubeHorizontal_fu_85/cubieTemp_V_U/turnCube_cubieTembkb_ram_U/ram_reg_0_31_0_0_i_1__6_n_0                        |                                                                                           |                1 |             12 |
|  ap_clk      | grp_rotateCubeHorizontal_fu_343/ap_NS_fsm[3]                                                                                                       |                                                                                           |                3 |             12 |
|  ap_clk      | grp_solveStage4a_fu_300/grp_turnCube_fu_61/q1_reg[2]_0                                                                                             |                                                                                           |                1 |             12 |
|  ap_clk      | grp_solveStage4a_fu_300/grp_turnCube_fu_61/q1_reg[2]                                                                                               |                                                                                           |                1 |             12 |
|  ap_clk      | grp_solveStage4a_fu_300/grp_turnCube_fu_61/ap_NS_fsm[3]                                                                                            |                                                                                           |                2 |             12 |
|  ap_clk      | grp_rotateCubeVertical_fu_353/cubieTemp_V_U/turnCube_cubieTembkb_ram_U/ram_reg_0_15_0_0_i_1__5_n_0                                                 |                                                                                           |                1 |             12 |
|  ap_clk      | grp_rotateCubeVertical_fu_353/cubieTemp_V_U/turnCube_cubieTembkb_ram_U/ram_reg_0_31_0_0_i_1__10_n_0                                                |                                                                                           |                1 |             12 |
|  ap_clk      | grp_rotateCubeVertical_fu_353/cubieTemp_V_U/turnCube_cubieTembkb_ram_U/ram_reg_0_15_0_0__0_i_1__5_n_0                                              |                                                                                           |                1 |             12 |
|  ap_clk      | grp_rotateCubeVertical_fu_353/ap_NS_fsm[3]                                                                                                         |                                                                                           |                2 |             12 |
|  ap_clk      | grp_solveStage4b_fu_310/grp_turnCube_fu_71/q1_reg[2]_1                                                                                             |                                                                                           |                1 |             12 |
|  ap_clk      | grp_rotateCubeHorizontal_fu_343/cubieTemp_V_U/turnCube_cubieTembkb_ram_U/ram_reg_0_15_0_0__0_i_1__4_n_0                                            |                                                                                           |                1 |             12 |
|  ap_clk      | grp_rotateCubeHorizontal_fu_343/cubieTemp_V_U/turnCube_cubieTembkb_ram_U/ram_reg_0_15_0_0_i_1__4_n_0                                               |                                                                                           |                1 |             12 |
|  ap_clk      | grp_solveStage4b_fu_310/grp_turnCube_fu_71/ap_NS_fsm[3]                                                                                            |                                                                                           |                3 |             12 |
|  ap_clk      | grp_rotateCubeHorizontal_fu_343/cubieTemp_V_U/turnCube_cubieTembkb_ram_U/ram_reg_0_31_0_0_i_1__9_n_0                                               |                                                                                           |                1 |             12 |
|  ap_clk      | grp_solveStage1_fu_332/grp_turnCube_fu_60/q1_reg[2]_1                                                                                              |                                                                                           |                1 |             12 |
|  ap_clk      | grp_findEdge_fu_372/ap_CS_fsm_state2                                                                                                               |                                                                                           |                2 |             12 |
|  ap_clk      | grp_solveStage1_fu_332/grp_turnCube_fu_60/q1_reg[2]_0                                                                                              |                                                                                           |                1 |             12 |
|  ap_clk      | grp_solveStage4b_fu_310/grp_rotateCubeHorizontal_fu_85/ap_NS_fsm[3]                                                                                |                                                                                           |                4 |             12 |
|  ap_clk      | grp_solveStage1_fu_332/grp_turnCube_fu_60/ap_NS_fsm[3]                                                                                             |                                                                                           |                4 |             12 |
|  ap_clk      | grp_solveStage4b_fu_310/grp_turnCube_fu_71/cubieTemp_V_U/turnCube_cubieTembkb_ram_U/q1_reg[0]_1                                                    |                                                                                           |                1 |             12 |
|  ap_clk      | grp_solveStage5a_fu_290/grp_turnCube_fu_32/cubieTemp_V_U/turnCube_cubieTembkb_ram_U/q1_reg[0]_3                                                    |                                                                                           |                1 |             12 |
|  ap_clk      | grp_solveStage1_fu_332/grp_turnCube_fu_60/cubieTemp_V_U/turnCube_cubieTembkb_ram_U/q1_reg[0]_2                                                     |                                                                                           |                1 |             12 |
|  ap_clk      | grp_solveStage2_fu_262/grp_turnCube_fu_75/cubieTemp_V_U/turnCube_cubieTembkb_ram_U/q1_reg[0]_3                                                     |                                                                                           |                1 |             12 |
|  ap_clk      | grp_solveStage5a_fu_290/grp_turnCube_fu_32/ap_CS_fsm[3]_i_1__24_n_0                                                                                |                                                                                           |                2 |             12 |
|  ap_clk      | grp_solveStage5a_fu_290/grp_turnCube_fu_32/q1_reg[2]_0                                                                                             |                                                                                           |                1 |             12 |
|  ap_clk      | grp_solveStage5a_fu_290/grp_turnCube_fu_32/q1_reg[2]_1                                                                                             |                                                                                           |                1 |             12 |
|  ap_clk      | grp_solveStage5b_fu_280/grp_turnCube_fu_47/cubieTemp_V_U/turnCube_cubieTembkb_ram_U/q1_reg[0]_5                                                    |                                                                                           |                1 |             12 |
|  ap_clk      | grp_solveStage5a_fu_290/grp_rotateCubeHorizontal_fu_49/cubieTemp_V_U/turnCube_cubieTembkb_ram_U/ram_reg_0_15_0_0__0_i_1__6_n_0                     |                                                                                           |                1 |             12 |
|  ap_clk      | grp_solveStage5a_fu_290/grp_rotateCubeHorizontal_fu_49/cubieTemp_V_U/turnCube_cubieTembkb_ram_U/ram_reg_0_15_0_0_i_1__7_n_0                        |                                                                                           |                1 |             12 |
|  ap_clk      | grp_solveStage5a_fu_290/grp_rotateCubeHorizontal_fu_49/cubieTemp_V_U/turnCube_cubieTembkb_ram_U/ram_reg_0_31_0_0_i_1__12_n_0                       |                                                                                           |                1 |             12 |
|  ap_clk      | grp_solveStage4b_fu_310/grp_turnCube_fu_71/q1_reg[2]_0                                                                                             |                                                                                           |                1 |             12 |
|  ap_clk      | grp_solveStage5a_fu_290/grp_rotateCubeHorizontal_fu_49/ap_NS_fsm[3]                                                                                |                                                                                           |                4 |             12 |
|  ap_clk      | grp_solveStage2_fu_262/grp_turnCube_fu_75/q1_reg[2]                                                                                                |                                                                                           |                1 |             12 |
|  ap_clk      | grp_turnCube_fu_320/cubieTemp_V_U/turnCube_cubieTembkb_ram_U/ram_reg_0_15_0_0__0_i_1__3_n_0                                                        |                                                                                           |                1 |             12 |
|  ap_clk      | grp_turnCube_fu_320/cubieTemp_V_U/turnCube_cubieTembkb_ram_U/ram_reg_0_15_0_0_i_1__3_n_0                                                           |                                                                                           |                1 |             12 |
|  ap_clk      | grp_turnCube_fu_320/cubieTemp_V_U/turnCube_cubieTembkb_ram_U/ram_reg_0_31_0_0_i_1__7_n_0                                                           |                                                                                           |                1 |             12 |
|  ap_clk      | grp_solveStage2_fu_262/grp_turnCube_fu_75/q1_reg[2]_0                                                                                              |                                                                                           |                1 |             12 |
|  ap_clk      | grp_solveStage2_fu_262/grp_turnCube_fu_75/ap_NS_fsm[3]                                                                                             |                                                                                           |                3 |             12 |
|  ap_clk      | grp_solveStage5b_fu_280/grp_turnCube_fu_47/q1_reg[2]                                                                                               |                                                                                           |                1 |             12 |
|  ap_clk      | grp_solveStage5b_fu_280/grp_turnCube_fu_47/q1_reg[2]_0                                                                                             |                                                                                           |                1 |             12 |
|  ap_clk      | grp_solveStage5b_fu_280/grp_turnCube_fu_47/ap_NS_fsm[3]                                                                                            |                                                                                           |                3 |             12 |
|  ap_clk      | grp_turnCube_fu_320/ap_NS_fsm[3]                                                                                                                   |                                                                                           |                4 |             12 |
|  ap_clk      | grp_solveStage2_fu_262/grp_rotateCubeHorizontal_fu_90/cubieTemp_V_U/turnCube_cubieTembkb_ram_U/ram_reg_0_31_0_0_i_1__3_n_0                         |                                                                                           |                1 |             12 |
|  ap_clk      | ap_CS_fsm_state3                                                                                                                                   |                                                                                           |                2 |             12 |
|  ap_clk      | tmp_8_cast_reg_580_reg0                                                                                                                            |                                                                                           |                2 |             12 |
|  ap_clk      | grp_optimizeCube_fu_363/E[0]                                                                                                                       | grp_solveStage3_fu_242/grp_solveStage3a_fu_44/grp_turnCube_fu_72/SR[0]                    |                1 |             16 |
|  ap_clk      | grp_solveStage4b_fu_310/grp_turnCube_fu_71/q0_reg[0]_0                                                                                             |                                                                                           |                2 |             16 |
|  ap_clk      | grp_optimizeCube_fu_363/t_V_1_reg_133[7]_i_1_n_0                                                                                                   |                                                                                           |                3 |             16 |
|  ap_clk      | grp_optimizeCube_fu_363/lhs_V_4_cast_reg_457_reg0                                                                                                  |                                                                                           |                3 |             16 |
|  ap_clk      | grp_optimizeCube_fu_363/grp_optimizeCube_fu_363_moves_V_we0                                                                                        | grp_optimizeCube_fu_363/order_V_1_fu_32                                                   |                2 |             16 |
|  ap_clk      | grp_optimizeCube_fu_363/ap_CS_fsm_state11                                                                                                          | grp_optimizeCube_fu_363/p_s_reg_121                                                       |                4 |             16 |
|  ap_clk      | grp_rotateCubeVertical_fu_353/E[0]                                                                                                                 | ap_NS_fsm187_out                                                                          |                6 |             16 |
|  ap_clk      | ap_CS_fsm_state143                                                                                                                                 | grp_optimizeCube_fu_363/SR[0]                                                             |                3 |             16 |
|  ap_clk      | ap_CS_fsm_state142                                                                                                                                 |                                                                                           |                4 |             16 |
|  ap_clk      | grp_optimizeCube_fu_363/E[0]                                                                                                                       |                                                                                           |                2 |             16 |
|  ap_clk      | tmp_61_reg_725_reg0                                                                                                                                |                                                                                           |                1 |             16 |
|  ap_clk      | grp_optimizeCube_fu_363/ap_NS_fsm[8]                                                                                                               |                                                                                           |                2 |             16 |
|  ap_clk      | solveCube_add_io_s_axi_U/aw_hs                                                                                                                     |                                                                                           |                4 |             20 |
|  ap_clk      | ram_reg_i_745_n_0                                                                                                                                  |                                                                                           |                3 |             24 |
|  ap_clk      | solveCube_add_io_s_axi_U/rdata[31]_i_1_n_0                                                                                                         |                                                                                           |               13 |             64 |
|  ap_clk      | rdata_reg[31]_i_4_n_0                                                                                                                              |                                                                                           |                8 |             64 |
|  ap_clk      | rdata_reg[31]_i_9_n_0                                                                                                                              |                                                                                           |                6 |             64 |
|  ap_clk      |                                                                                                                                                    |                                                                                           |              210 |            924 |
|  ap_clk      |                                                                                                                                                    | grp_solveStage3_fu_242/grp_solveStage3a_fu_44/grp_turnCube_fu_72/SR[0]                    |              508 |           2678 |
+--------------+----------------------------------------------------------------------------------------------------------------------------------------------------+-------------------------------------------------------------------------------------------+------------------+----------------+


